[www.forefrontcertification.co.uk/index.html]
[backblue.gif]
[fade.gif]
[index.html]
[www.forefrontcertification.co.uk/wp-content/uploads/2019/11/FF_FAVICON.png]
[maxcdn.bootstrapcdn.com/font-awesome/4.7.0/css/font-awesome.min.css]
[www.forefrontcertification.co.uk/feed/index.html]
[www.forefrontcertification.co.uk/comments/feed/index.html]
[www.forefrontcertification.co.uk/home-3/feed/index.html]
[www.forefrontcertification.co.uk/wp-content/plugins/LayerSlider/static/js/greensockcd11.js]
[www.forefrontcertification.co.uk/wp-includes/js/jquery/jquery4a5f.js]
[www.forefrontcertification.co.uk/wp-includes/js/jquery/jquery-migrate.min330a.js]
[www.forefrontcertification.co.uk/wp-content/plugins/LayerSlider/static/js/layerslider.kreaturamedia.jquery4c7e.js]
[www.forefrontcertification.co.uk/wp-content/plugins/LayerSlider/static/js/layerslider.transitions4c7e.js]
[www.forefrontcertification.co.uk/wp-content/plugins/displayProduct/plugin/magnific/magnific9dff.js]
[www.forefrontcertification.co.uk/wp-content/plugins/displayProduct/plugin/magnific/magnific-custom9dff.js]
[www.forefrontcertification.co.uk/wp-content/plugins/revslider/public/assets/js/jquery.themepunch.tools.minb62d.js]
[www.forefrontcertification.co.uk/wp-content/plugins/revslider/public/assets/js/jquery.themepunch.revolution.minb62d.js]
[www.forefrontcertification.co.uk/xmlrpc0db0.php]
[www.forefrontcertification.co.uk/wp-includes/wlwmanifest.xml]
[www.forefrontcertification.co.uk/wp-json/index.html]
[www.forefrontcertification.co.uk/wp-json/oembed/1.0/embed5db0.json]
[www.forefrontcertification.co.uk/wp-json/oembed/1.0/embedb0ae]
[www.forefrontcertification.co.uk/wp-content/uploads/2019/11/ForeFront_LOGO.png]
[www.forefrontcertification.co.uk/wp-content/plugins/revslider/admin/assets/images/dummy.png]
[www.forefrontcertification.co.uk/contact/index.html]
[www.forefrontcertification.co.uk/news-updates/index.html]
[www.forefrontcertification.co.uk/about/index.html]
[www.forefrontcertification.co.uk/about/why-us/index.html]
[forefrontcertification.co.uk/wp-content/uploads/2017/03/ForeFront.2b.delayed]
[www.forefrontcertification.co.uk/certification/iso-90012015/index.html]
[www.forefrontcertification.co.uk/about/ukas-accreditation/index.html]
[www.forefrontcertification.co.uk/wp-content/uploads/2019/08/transparent-woman-office-2.png]
[www.forefrontcertification.co.uk/certification/iso-45001/index.html]
[www.forefrontcertification.co.uk/certification/iso-140012015/index.html]
[www.forefrontcertification.co.uk/certification/iso-27001/index.html]
[forefrontcertification.co.uk/wp-content/uploads/2017/04/download_20170727_170602-1.jpg]
[www.forefrontcertification.co.uk/certification/benefits-of-certification/index.html]
[www.forefrontcertification.co.uk/support/index.html]
[www.forefrontcertification.co.uk/support/certification-process/index.html]
[www.forefrontcertification.co.uk/support/transfer-your-certification/index.html]
[www.forefrontcertification.co.uk/training/index.html]
[www.forefrontcertification.co.uk/training/iso-45001-health-safety/iso-45001-foundation-course/index.html]
[www.forefrontcertification.co.uk/training/iso-45001-health-safety/iso-45001-auditor-transition-course/index.html]
[www.eventbrite.ie/static/widgets/eb_widgets.js]
[www.forefrontcertification.co.uk/training/iso-45001-health-safety/2-day-iso-45001-internal-auditor-course/index.html]
[www.forefrontcertification.co.uk/training/iso-45001-health-safety/iso-45001-auditor-conversion-course/index.html]
[www.forefrontcertification.co.uk/online-training/index.html]
[www.forefrontcertification.co.uk/training/iso-45001-health-safety/iso-45001-lead-auditor-course/index.html]
[www.forefrontcertification.co.uk/wp-content/plugins/contact-form-7/includes/js/scriptsb62d.js]
[www.forefrontcertification.co.uk/online-training/health-safety/index.html]
[www.forefrontcertification.co.uk/consultants/find-an-iso-consultant/index.html]
[www.forefrontcertification.co.uk/online-training/business-skills/index.html]
[www.forefrontcertification.co.uk/wp-content/plugins/woocommerce/assets/js/jquery-blockui/jquery.blockUI.min44fd.js]
[www.forefrontcertification.co.uk/consultants/auditor-opportunities/index.html]
[www.forefrontcertification.co.uk/consultants/register-as-a-consultant/index.html]
[www.forefrontcertification.co.uk/home/index.html]
[www.forefrontcertification.co.uk/wp-content/plugins/woocommerce/assets/js/frontend/add-to-cart.min7e2e.js]
[www.forefrontcertification.co.uk/wp-content/plugins/woocommerce/assets/js/js-cookie/js.cookie.min6b25.js]
[www.forefrontcertification.co.uk/training/training-courses-for-iso-9001-quality-management/index.html]
[www.forefrontcertification.co.uk/certification/index.html]
[www.forefrontcertification.co.uk/training/training-courses-for-iso-9001-quality-management/1-day-iso-90012015-awareness/index.html]
[www.forefrontcertification.co.uk/wp-content/plugins/woocommerce/assets/js/frontend/woocommerce.min7e2e.js]
[www.forefrontcertification.co.uk/training/training-courses-for-iso-9001-quality-management/2-day-iso-90012015-internal-auditor/index.html]
[www.forefrontcertification.co.uk/wp-content/plugins/woocommerce/assets/js/frontend/cart-fragments.min7e2e.js]
[www.forefrontcertification.co.uk/training/training-courses-for-iso-9001-quality-management/5-day-iso-90012015-irca-auditorlead-auditor/index.html]
[www.forefrontcertification.co.uk/training/iso-14001-environmental-management/index.html]
[www.forefrontcertification.co.uk/training/iso-14001-environmental-management/1-day-iso-140012015-awareness/index.html]
[www.forefrontcertification.co.uk/wp-includes/js/jquery/ui/core.mine899.js]
[www.forefrontcertification.co.uk/training/iso-14001-environmental-management/2-day-iso-140012015-internal-auditor/index.html]
[www.forefrontcertification.co.uk/wp-includes/js/jquery/ui/widget.mine899.js]
[www.forefrontcertification.co.uk/training/iso-27001-information-security-management/2-day-iso-270012013-internal-auditor/index.html]
[www.forefrontcertification.co.uk/training/iso-27001-information-security-management/index.html]
[www.forefrontcertification.co.uk/training/iso-27001-information-security-management/1-day-iso-270012015-awareness-course/index.html]
[www.forefrontcertification.co.uk/training/iso-45001-health-safety/index.html]
[www.forefrontcertification.co.uk/wp-includes/js/jquery/ui/mouse.min.38e899.delayed]
[www.forefrontcertification.co.uk/training/iatf-16949-automotive/1-day-iatf-ts-16949-awareness/index.html]
[www.forefrontcertification.co.uk/training/iatf-16949-automotive/2-day-iatf-16949-transition-course/index.html]
[www.forefrontcertification.co.uk/training/iatf-16949-automotive/index.html]
[www.forefrontcertification.co.uk/training/iatf-16949-automotive/iatf-16949-internal-auditor-course/index.html]
[www.forefrontcertification.co.uk/wp-includes/js/jquery/ui/sortable.mine899.js]
[www.forefrontcertification.co.uk/training/business-improvement/index.html]
[www.forefrontcertification.co.uk/training/business-improvement/production-part-approval-process-ppap/index.html]
[www.forefrontcertification.co.uk/training/business-improvement/8d-problem-solving/index.html]
[www.forefrontcertification.co.uk/training/business-improvement/advanced-product-quality-planning-apqp/index.html]
[www.forefrontcertification.co.uk/wp-includes/js/jquery/ui/tabs.mine899.js]
[www.forefrontcertification.co.uk/training/business-improvement/5s/index.html]
[www.forefrontcertification.co.uk/training/business-improvement/use-of-minitab-software/index.html]
[www.forefrontcertification.co.uk/training/business-improvement/process-fmea/index.html]
[www.forefrontcertification.co.uk/training/business-improvement/measurement-systems-analysis-msa/index.html]
[www.forefrontcertification.co.uk/wp-includes/js/jquery/ui/accordion.min.3be899.delayed]
[www.forefrontcertification.co.uk/training/as-9100-aerospace-quality-management/1-day-as-91002016-awareness/index.html]
[www.forefrontcertification.co.uk/training/as-9100-aerospace-quality-management/index.html]
[www.forefrontcertification.co.uk/consultants/index.html]
[www.forefrontcertification.co.uk/training/as-9100-aerospace-quality-management/2-day-as-91002016-internal-auditor-course/index.html]
[www.forefrontcertification.co.uk/wp-content/themes/webkrafts-forefront/js/plugins.3c126c.delayed]
[www.forefrontcertification.co.uk/free-quotation/index.html]
[www.forefrontcertification.co.uk/cart/index.html]
[www.forefrontcertification.co.uk/terms-and-conditions/index.html]
[www.forefrontcertification.co.uk/wp-content/themes/webkrafts-forefront/js/menu126c.js]
[www.forefrontcertification.co.uk/rules-and-regulations/index.html]
[www.forefrontcertification.co.uk/wp-content/themes/webkrafts-forefront/assets/animations/animations.min126c.js]
[www.forefrontcertification.co.uk/wp-content/themes/webkrafts-forefront/assets/jplayer/jplayer.min126c.js]
[www.forefrontcertification.co.uk/wp-content/themes/webkrafts-forefront/js/parallax/translate3d126c.js]
[www.forefrontcertification.co.uk/wp-content/themes/webkrafts-forefront/js/scripts126c.js]
[www.forefrontcertification.co.uk/wp-includes/js/comment-reply.min9dff.js]
[www.forefrontcertification.co.uk/impartiality-confidentiality/index.html]
[www.forefrontcertification.co.uk/wp-content/plugins/searchwp-live-ajax-search/assets/javascript/dist/bundle.minc2d0.js]
[www.forefrontcertification.co.uk/wp-content/plugins/bellows-accordion-menu/assets/js/bellows.min1576.js]
[www.forefrontcertification.co.uk/privacy-policies/index.html]
[www.forefrontcertification.co.uk/wp-includes/js/hoverIntent.minc245.js]
[www.forefrontcertification.co.uk/wp-content/plugins/megamenu/js/maxmegamenude39.js]
[www.forefrontcertification.co.uk/wp-content/plugins/wp-gdpr-compliance/assets/js/frontdf93.js]
[www.forefrontcertification.co.uk/wp-includes/js/wp-embed.min9dff.js]
[www.forefrontcertification.co.uk/index.html]
[maxcdn.bootstrapcdn.com/font-awesome/4.7.0/css/font-awesome.min.css]
[www.forefrontcertification.co.uk/wp-content/plugins/displayProduct/assets/images/template-editor/template-editor-drag.png]
[www.forefrontcertification.co.uk/wp-content/plugins/displayProduct/assets/css/template-editor/dp-template-editor9dff.css]
[www.forefrontcertification.co.uk/wp-content/plugins/woocommerce/packages/woocommerce-blocks/build/style747d.css]
[www.forefrontcertification.co.uk/wp-content/plugins/LayerSlider/static/css/blank.gif]
[www.forefrontcertification.co.uk/wp-content/plugins/LayerSlider/static/css/layerslider4c7e.css]
[www.forefrontcertification.co.uk/wp-content/plugins/contact-form-7/images/ajax-loader.gif]
[www.forefrontcertification.co.uk/wp-content/plugins/contact-form-7/includes/css/stylesb62d.css]
[www.forefrontcertification.co.uk/wp-content/plugins/displayProduct/plugin/magnific/magnific9dff.css]
[www.forefrontcertification.co.uk/wp-content/plugins/displayProduct/plugin/magnific/magnific-custom9dff.css]
[www.forefrontcertification.co.uk/wp-content/plugins/revslider/public/assets/fonts/revicons/revicons90c6.eot]
[www.forefrontcertification.co.uk/wp-content/plugins/revslider/public/assets/fonts/revicons/revicons90c6.woff]
[www.forefrontcertification.co.uk/wp-content/plugins/revslider/public/assets/fonts/revicons/revicons90c6.ttf]
[www.forefrontcertification.co.uk/wp-content/plugins/revslider/public/assets/assets/gridtile.png]
[www.forefrontcertification.co.uk/wp-content/plugins/revslider/public/assets/assets/gridtile_white.png]
[www.forefrontcertification.co.uk/wp-content/plugins/revslider/public/assets/assets/gridtile_3x3.png]
[www.forefrontcertification.co.uk/wp-content/plugins/revslider/public/assets/assets/gridtile_3x3_white.png]
[www.forefrontcertification.co.uk/wp-content/plugins/revslider/public/assets/assets/coloredbg.png]
[www.forefrontcertification.co.uk/wp-content/plugins/revslider/public/assets/assets/loader.gif]
[www.forefrontcertification.co.uk/wp-content/plugins/revslider/public/assets/css/settingsb62d.css]
[www.forefrontcertification.co.uk/wp-content/plugins/woocommerce/assets/css/woocommerce-layout7e2e.css]
[www.forefrontcertification.co.uk/wp-content/plugins/woocommerce/assets/css/woocommerce-smallscreen7e2e.css]
[www.forefrontcertification.co.uk/wp-content/plugins/woocommerce/assets/fonts/star.eot]
[www.forefrontcertification.co.uk/wp-content/plugins/woocommerce/assets/fonts/stard41d.eot]
[www.forefrontcertification.co.uk/wp-content/plugins/woocommerce/assets/fonts/star.woff]
[www.forefrontcertification.co.uk/wp-content/plugins/woocommerce/assets/fonts/star.ttf]
[www.forefrontcertification.co.uk/wp-content/plugins/woocommerce/assets/fonts/WooCommerce.eot]
[www.forefrontcertification.co.uk/wp-content/plugins/woocommerce/assets/fonts/WooCommerced41d.eot]
[www.forefrontcertification.co.uk/wp-content/plugins/woocommerce/assets/fonts/WooCommerce.woff]
[www.forefrontcertification.co.uk/wp-content/plugins/woocommerce/assets/fonts/WooCommerce.ttf]
[www.forefrontcertification.co.uk/wp-content/plugins/woocommerce/assets/css/woocommerce7e2e.css]
[www.forefrontcertification.co.uk/wp-content/uploads/maxmegamenu/styledbd1.css]
[www.forefrontcertification.co.uk/wp-includes/fonts/dashicons2ce6.eot]
[www.forefrontcertification.co.uk/wp-includes/fonts/dashicons2ce6.ttf]
[www.forefrontcertification.co.uk/wp-includes/css/dashicons.min9dff.css]
[www.forefrontcertification.co.uk/wp-content/themes/webkrafts-forefront/style126c.css]
[www.forefrontcertification.co.uk/wp-content/themes/webkrafts-forefront/fonts/mfn-icons28cd.eot]
[www.forefrontcertification.co.uk/wp-content/themes/webkrafts-forefront/fonts/mfn-icons28cd.woff]
[www.forefrontcertification.co.uk/wp-content/themes/webkrafts-forefront/fonts/mfn-icons28cd.ttf]
[www.forefrontcertification.co.uk/wp-content/themes/webkrafts-forefront/images/stripes/stripes_5_b.png]
[www.forefrontcertification.co.uk/wp-content/themes/webkrafts-forefront/css/base126c.css]
[www.forefrontcertification.co.uk/wp-content/themes/webkrafts-forefront/images/stripes/stripes_3_b.png]
[www.forefrontcertification.co.uk/wp-content/themes/webkrafts-forefront/images/preloader.gif]
[www.forefrontcertification.co.uk/wp-content/themes/webkrafts-forefront/images/box_shadow.png]
[www.forefrontcertification.co.uk/wp-content/themes/webkrafts-forefront/images/blog_masonry_tile_gradient.png]
[www.forefrontcertification.co.uk/wp-content/themes/webkrafts-forefront/images/timeline_right.png]
[www.forefrontcertification.co.uk/wp-content/themes/webkrafts-forefront/images/recent_comments.png]
[www.forefrontcertification.co.uk/wp-content/themes/webkrafts-forefront/images/stripes/stripes_10_w.png]
[www.forefrontcertification.co.uk/wp-content/themes/webkrafts-forefront/images/videomask.png]
[www.forefrontcertification.co.uk/wp-content/themes/webkrafts-forefront/images/stripes/textline_dark.png]
[www.forefrontcertification.co.uk/wp-content/themes/webkrafts-forefront/images/fancy_heading_hr_dark.png]
[www.forefrontcertification.co.uk/wp-content/themes/webkrafts-forefront/css/layout126c.css]
[www.forefrontcertification.co.uk/wp-content/themes/webkrafts-forefront/images/stripes/textline.png]
[www.forefrontcertification.co.uk/wp-content/themes/webkrafts-forefront/images/stripes/stripes_10_b.png]
[www.forefrontcertification.co.uk/wp-content/themes/webkrafts-forefront/images/timeline_top.png]
[www.forefrontcertification.co.uk/wp-content/themes/webkrafts-forefront/images/timeline_left.png]
[www.forefrontcertification.co.uk/wp-content/themes/webkrafts-forefront/images/fancy_heading_hr.png]
[www.forefrontcertification.co.uk/wp-content/themes/webkrafts-forefront/css/shortcodes126c.css]
[www.forefrontcertification.co.uk/wp-content/themes/webkrafts-forefront/assets/animations/animations.min126c.css]
[www.forefrontcertification.co.uk/wp-content/themes/webkrafts-forefront/assets/ui/images/ui-icons_222222_256x240.png]
[www.forefrontcertification.co.uk/wp-content/themes/webkrafts-forefront/assets/ui/images/ui-bg_flat_0_aaaaaa_40x100.png]
[www.forefrontcertification.co.uk/wp-content/themes/webkrafts-forefront/assets/ui/images/bg_widget_header.png]
[www.forefrontcertification.co.uk/wp-content/themes/webkrafts-forefront/assets/ui/images/bg_widget_header_active.png]
[www.forefrontcertification.co.uk/wp-content/themes/webkrafts-forefront/images/bg_panel.png]
[www.forefrontcertification.co.uk/wp-content/themes/webkrafts-forefront/assets/ui/images/ui-bg_flat_75_ffffff_40x100.png]
[www.forefrontcertification.co.uk/wp-content/themes/webkrafts-forefront/assets/ui/images/ui-bg_glass_55_fbf9ee_1x400.png]
[www.forefrontcertification.co.uk/wp-content/themes/webkrafts-forefront/assets/ui/images/ui-bg_glass_95_fef1ec_1x400.png]
[www.forefrontcertification.co.uk/wp-content/themes/webkrafts-forefront/assets/ui/images/ui-icons_888888_256x240.png]
[www.forefrontcertification.co.uk/wp-content/themes/webkrafts-forefront/assets/ui/images/ui-icons_2e83ff_256x240.png]
[www.forefrontcertification.co.uk/wp-content/themes/webkrafts-forefront/assets/ui/images/ui-icons_cd0a0a_256x240.png]
[www.forefrontcertification.co.uk/wp-content/themes/webkrafts-forefront/assets/ui/images/ui-icons_454545_256x240.png]
[www.forefrontcertification.co.uk/wp-content/themes/webkrafts-forefront/assets/ui/jquery.ui.all126c.css]
[www.forefrontcertification.co.uk/wp-content/themes/webkrafts-forefront/assets/jplayer/css/jplayer.png]
[www.forefrontcertification.co.uk/wp-content/themes/webkrafts-forefront/assets/jplayer/css/jplayer.blue.monday.jpg]
[www.forefrontcertification.co.uk/wp-content/themes/webkrafts-forefront/assets/jplayer/css/jplayer.blue.monday.seeking.gif]
[www.forefrontcertification.co.uk/wp-content/themes/webkrafts-forefront/assets/jplayer/css/jplayer.blue.monday126c.css]
[www.forefrontcertification.co.uk/wp-content/themes/webkrafts-forefront/css/responsive126c.css]
[www.forefrontcertification.co.uk/wp-content/plugins/searchwp-live-ajax-search/assets/styles/stylec2d0.css]
[www.forefrontcertification.co.uk/wp-content/themes/webkrafts-forefront/images/shop-loader.gif]
[www.forefrontcertification.co.uk/wp-content/themes/webkrafts-forefront/css/woocommerce126c.css]
[www.forefrontcertification.co.uk/wp-content/plugins/bellows-accordion-menu/assets/css/bellows.min1576.css]
[www.forefrontcertification.co.uk/wp-content/plugins/bellows-accordion-menu/assets/css/fontawesome/fonts/fontawesome-webfont93e3.eot]
[www.forefrontcertification.co.uk/wp-content/plugins/bellows-accordion-menu/assets/css/fontawesome/fonts/fontawesome-webfontd41d.eot]
[www.forefrontcertification.co.uk/wp-content/plugins/bellows-accordion-menu/assets/css/fontawesome/fonts/fontawesome-webfont93e3.woff2]
[www.forefrontcertification.co.uk/wp-content/plugins/bellows-accordion-menu/assets/css/fontawesome/fonts/fontawesome-webfont93e3.woff]
[www.forefrontcertification.co.uk/wp-content/plugins/bellows-accordion-menu/assets/css/fontawesome/fonts/fontawesome-webfont93e3.ttf]
[www.forefrontcertification.co.uk/wp-content/plugins/bellows-accordion-menu/assets/css/fontawesome/css/font-awesome.min1576.css]
[www.forefrontcertification.co.uk/wp-content/plugins/bellows-accordion-menu/assets/css/skins/grey-material1576.css]
[www.forefrontcertification.co.uk/wp-content/plugins/wp-gdpr-compliance/assets/css/frontdf93.css]
[www.forefrontcertification.co.uk/wp-json/oembed/1.0/embedb85e.json]
[www.forefrontcertification.co.uk/wp-json/oembed/1.0/embed8fd0]
[www.forefrontcertification.co.uk/contact/index.html]
[www.forefrontcertification.co.uk/wp-json/oembed/1.0/embede1a2.json]
[www.forefrontcertification.co.uk/wp-json/oembed/1.0/embedd6ce]
[www.forefrontcertification.co.uk/wp-content/uploads/2019/10/14-1.png]
[www.forefrontcertification.co.uk/wp-content/uploads/2019/03/Health-Safety-in-the-Workplace-960x602.jpg]
[www.forefrontcertification.co.uk/iso-management-systems-assure-your-customers-that-your-systems-processes-are-continually-assessed-and-approved/index.html]
[www.forefrontcertification.co.uk/wp-content/uploads/2019/03/Health-Safety-in-the-Workplace.jpg]
[www.forefrontcertification.co.uk/wp-content/uploads/2019/03/ISO-45001-2018-How-effective-is-your-emergency-preparedness-and-response-960x602.jpg]
[www.forefrontcertification.co.uk/wp-content/uploads/2019/03/ISO-45001-2018-How-effective-is-your-emergency-preparedness-and-response.jpg]
[www.forefrontcertification.co.uk/wp-content/uploads/2019/03/ForeFront_blog-960x602.jpg]
[www.forefrontcertification.co.uk/health-safety-in-the-workplace/index.html]
[www.forefrontcertification.co.uk/wp-content/uploads/2019/03/ForeFront_blog.jpg]
[www.forefrontcertification.co.uk/iso-450012018-how-effective-is-your-emergency-preparedness-and-response/index.html]
[www.forefrontcertification.co.uk/wp-content/uploads/2014/08/ForeFront_blog-960x602.jpg]
[www.forefrontcertification.co.uk/is-iso-9001-a-pain/index.html]
[www.forefrontcertification.co.uk/wp-content/uploads/2014/08/ForeFront_blog.jpg]
[www.forefrontcertification.co.uk/news-updates/index.html]
[www.forefrontcertification.co.uk/why-is-ukas-accreditation-so-important/index.html]
[www.forefrontcertification.co.uk/wp-json/oembed/1.0/embed6116.json]
[www.forefrontcertification.co.uk/wp-json/oembed/1.0/embede6a9]
[forefrontcertification.co.uk/wp-content/uploads/2017/12/Why-Choose-Us-2-1.png]
[forefrontcertification.co.uk/wp-content/uploads/2017/12/Why-Choose-Us-5-2.png]
[www.forefrontcertification.co.uk/about/index.html]
[www.forefrontcertification.co.uk/wp-json/oembed/1.0/embed4fbe.json]
[www.forefrontcertification.co.uk/wp-json/oembed/1.0/embed7457]
[www.forefrontcertification.co.uk/wp-content/uploads/2019/11/relationship.png]
[www.forefrontcertification.co.uk/wp-content/uploads/2019/11/target.png]
[www.forefrontcertification.co.uk/wp-content/uploads/2019/11/hand.png]
[www.forefrontcertification.co.uk/wp-content/uploads/2019/11/reliability.png]
[www.forefrontcertification.co.uk/about/why-us/index.html]
[www.forefrontcertification.co.uk/wp-json/oembed/1.0/embed0ece.json]
[www.forefrontcertification.co.uk/wp-json/oembed/1.0/embedd4ba]
[ffcertification.co.uk/website/wp-content/uploads/2017/04/download_20170727_170602-1.jpg]
[www.forefrontcertification.co.uk/about/ukas-accreditation/index.html]
[www.forefrontcertification.co.uk/wp-json/oembed/1.0/embeddab1.json]
[www.forefrontcertification.co.uk/wp-json/oembed/1.0/embeddbce]
[www.forefrontcertification.co.uk/wp-content/uploads/2019/11/benifiets-1-1.png]
[www.forefrontcertification.co.uk/wp-content/uploads/2019/11/steps.jpg]
[www.forefrontcertification.co.uk/wp-content/uploads/2019/11/Forefront-300x204.jpg]
[www.forefrontcertification.co.uk/certification/iso-90012015/index.html]
[www.forefrontcertification.co.uk/wp-json/oembed/1.0/embed8701.json]
[www.forefrontcertification.co.uk/wp-json/oembed/1.0/embeddffa]
[www.forefrontcertification.co.uk/certification/iso-140012015/index.html]
[www.forefrontcertification.co.uk/wp-json/oembed/1.0/embedfa1c.json]
[www.forefrontcertification.co.uk/wp-json/oembed/1.0/embedf5f8]
[www.forefrontcertification.co.uk/wp-content/uploads/2019/11/BS-OHSAS-18001.png]
[www.forefrontcertification.co.uk/certification/iso-45001/index.html]
[www.forefrontcertification.co.uk/wp-json/oembed/1.0/embed58c5.json]
[www.forefrontcertification.co.uk/wp-json/oembed/1.0/embed09de]
[www.forefrontcertification.co.uk/wp-content/uploads/2019/11/benefits-1.jpg]
[www.forefrontcertification.co.uk/certification/iso-27001/index.html]
[www.forefrontcertification.co.uk/wp-json/oembed/1.0/embed9113.json]
[www.forefrontcertification.co.uk/wp-json/oembed/1.0/embed418f]
[ffcertification.co.uk/website/wp-content/uploads/2017/05/BENIFIETS-1-1-1-1.png]
[www.forefrontcertification.co.uk/certification/benefits-of-certification/index.html]
[www.forefrontcertification.co.uk/wp-json/oembed/1.0/embedd8b0.json]
[www.forefrontcertification.co.uk/wp-json/oembed/1.0/embed763b]
[www.forefrontcertification.co.uk/support/index.html]
[www.forefrontcertification.co.uk/wp-json/oembed/1.0/embed6b4e.json]
[www.forefrontcertification.co.uk/wp-json/oembed/1.0/embedbba9]
[www.forefrontcertification.co.uk/support/certification-process/index.html]
[www.forefrontcertification.co.uk/wp-json/oembed/1.0/embedf2d7.json]
[www.forefrontcertification.co.uk/wp-json/oembed/1.0/embed4b06]
[ffcertification.co.uk/website/wp-content/uploads/2017/06/transfer-forefront.jpg]
[www.forefrontcertification.co.uk/support/transfer-your-certification/index.html]
[www.forefrontcertification.co.uk/wp-json/oembed/1.0/embed3c44.json]
[www.forefrontcertification.co.uk/wp-json/oembed/1.0/embed3803]
[www.forefrontcertification.co.uk/training/index.html]
[www.forefrontcertification.co.uk/wp-json/oembed/1.0/embed0785.json]
[www.forefrontcertification.co.uk/wp-json/oembed/1.0/embed7b3e]
[www.forefrontcertification.co.uk/wp-content/plugins/displayProduct/plugin/hoverex/jquery.hoverex9dff.js]
[www.forefrontcertification.co.uk/wp-content/plugins/displayProduct/assets/js/displayProduct_front9dff.js]
[www.forefrontcertification.co.uk/wp-content/plugins/displayProduct/assets/js/dp-front-variation5152.js]
[www.forefrontcertification.co.uk/training/iso-45001-health-safety/iso-45001-foundation-course/index.html]
[www.forefrontcertification.co.uk/wp-json/oembed/1.0/embedcfd7.json]
[www.forefrontcertification.co.uk/wp-json/oembed/1.0/embed496b]
[www.forefrontcertification.co.uk/training/iso-45001-health-safety/iso-45001-auditor-transition-course/index.html]
[www.forefrontcertification.co.uk/wp-json/oembed/1.0/embedd26a.json]
[www.forefrontcertification.co.uk/wp-json/oembed/1.0/embedd731]
[www.forefrontcertification.co.uk/training/iso-45001-health-safety/2-day-iso-45001-internal-auditor-course/index.html]
[www.forefrontcertification.co.uk/wp-json/oembed/1.0/embeddd18.json]
[www.forefrontcertification.co.uk/wp-json/oembed/1.0/embed6187]
[www.forefrontcertification.co.uk/training/iso-45001-health-safety/iso-45001-auditor-conversion-course/index.html]
[www.forefrontcertification.co.uk/wp-json/oembed/1.0/embed8008.json]
[www.forefrontcertification.co.uk/wp-json/oembed/1.0/embed4430]
[www.forefrontcertification.co.uk/training/iso-45001-health-safety/iso-45001-lead-auditor-course/index.html]
[www.forefrontcertification.co.uk/wp-json/oembed/1.0/embed99e3.json]
[www.forefrontcertification.co.uk/wp-json/oembed/1.0/embed948c]
[forefrontcertification.co.uk/wp-content/uploads/2018/02/online-learning.png]
[www.templeqms.com/wp-content/uploads/2018/02/first-aid-kit-1.png]
[www.templeqms.com/wp-content/uploads/2018/02/puzzle.png]
[www.forefrontcertification.co.uk/online-training/index.html]
[www.forefrontcertification.co.uk/wp-json/oembed/1.0/embed93a7.json]
[www.forefrontcertification.co.uk/wp-json/oembed/1.0/embed8591]
[videotilehost.co.uk/common/hs4/course28.png]
[videotilehost.co.uk/common/hs4/course2.png]
[videotilehost.co.uk/common/hs4/course1.png]
[videotilehost.co.uk/common/hs4/course26.png]
[videotilehost.co.uk/common/hs4/course25.png]
[videotilehost.co.uk/common/hs4/course24.png]
[videotilehost.co.uk/common/hs4/course13.png]
[videotilehost.co.uk/common/hs4/course5.png]
[videotilehost.co.uk/common/hs4/course9.png]
[videotilehost.co.uk/common/hs4/course27.png]
[videotilehost.co.uk/common/hs4/course31.png]
[videotilehost.co.uk/common/hs4/course29.png]
[videotilehost.co.uk/common/hs4/course71.png]
[videotilehost.co.uk/common/hs4/course77.png]
[videotilehost.co.uk/common/hs4/course79.png]
[www.forefrontcertification.co.uk/wp-content/uploads/2018/07/course15risk.png]
[www.forefrontcertification.co.uk/online-training/health-safety/introduction-to-haccp-level-2/index.html]
[videotilehost.co.uk/common/hs4/course73.png]
[www.forefrontcertification.co.uk/online-training/health-safety/cdm-awareness/index.html]
[www.forefrontcertification.co.uk/online-training/health-safety/electrical-safety/index.html]
[www.forefrontcertification.co.uk/online-training/health-safety/introduction-to-risk-assessment/index.html]
[videotilehost.com/common/course90.png]
[videotilehost.com/common/course78.png]
[www.forefrontcertification.co.uk/online-training/health-safety/index.html]
[www.forefrontcertification.co.uk/online-training/health-safety/confined-spaces/index.html]
[www.forefrontcertification.co.uk/online-training/health-safety/introduction-to-personal-safety-for-lone-workers/index.html]
[www.forefrontcertification.co.uk/wp-json/oembed/1.0/embed97fc.json]
[www.forefrontcertification.co.uk/online-training/health-safety/slips-trips-falls/index.html]
[www.forefrontcertification.co.uk/wp-json/oembed/1.0/embed4e8a]
[videotilehost.co.uk/common/hs4/course33.png]
[videotilehost.co.uk/common/hs4/course34.png]
[videotilehost.co.uk/common/hs4/course35.png]
[videotilehost.co.uk/common/hs4/course36.png]
[videotilehost.co.uk/common/hs4/course37.png]
[videotilehost.co.uk/common/hs4/course18.png]
[videotilehost.co.uk/common/hs4/course19.png]
[videotilehost.co.uk/common/hs4/course20.png]
[videotilehost.co.uk/common/hs4/course21.png]
[videotilehost.co.uk/common/hs4/course22.png]
[videotilehost.co.uk/common/hs4/course39.png]
[videotilehost.co.uk/common/hs4/course38.png]
[videotilehost.co.uk/common/hs4/course41.png]
[videotilehost.co.uk/common/hs4/course42.png]
[videotilehost.co.uk/common/hs4/course40.png]
[videotilehost.co.uk/common/hs4/course43.png]
[videotilehost.co.uk/common/hs4/course44.png]
[videotilehost.co.uk/common/hs4/course45.png]
[videotilehost.co.uk/common/hs4/course69.png]
[videotilehost.co.uk/common/hs4/course68.png]
[videotilehost.co.uk/common/hs4/course67.png]
[www.forefrontcertification.co.uk/online-training/business-skills/index.html]
[www.forefrontcertification.co.uk/wp-json/oembed/1.0/embed90da.json]
[www.forefrontcertification.co.uk/online-training/business-skills/sales-skills/index.html]
[www.forefrontcertification.co.uk/wp-json/oembed/1.0/embed57a0]
[www.forefrontcertification.co.uk/wp-content/uploads/2019/11/1.jpg]
[www.forefrontcertification.co.uk/consultants/find-an-iso-consultant/index.html]
[www.forefrontcertification.co.uk/wp-json/oembed/1.0/embedae0a.json]
[www.forefrontcertification.co.uk/wp-json/oembed/1.0/embed722e]
[www.forefrontcertification.co.uk/wp-content/uploads/2019/05/FF140-Consultancy-Form-v1-Mar-19.pdf]
[www.forefrontcertification.co.uk/consultants/register-as-a-consultant/index.html]
[www.forefrontcertification.co.uk/wp-json/oembed/1.0/embed5897.json]
[www.forefrontcertification.co.uk/wp-json/oembed/1.0/embed105b]
[forefrontcertification.co.uk/wp-content/uploads/2017/05/accountants-1-1.jpg]
[www.forefrontcertification.co.uk/consultants/auditor-opportunities/index.html]
[www.forefrontcertification.co.uk/home/feed/index.html]
[www.forefrontcertification.co.uk/wp-json/oembed/1.0/embed4ec4.json]
[www.forefrontcertification.co.uk/wp-json/oembed/1.0/embed54e8]
[forefrontcertification.co.uk/wp-content/uploads/2016/04/broader-view-w552xh320pxl_tcm8-13620-1.jpg]
[forefrontcertification.co.uk/wp-content/uploads/2017/07/broader-view-w552xh320pxl_tcm8-13620.jpg]
[forefrontcertification.co.uk/wp-content/uploads/2016/04/shutterstock_128709044.jpg]
[forefrontcertification.co.uk/wp-content/uploads/2016/04/Splashjet_ISO_9001_2008_Certified-1-1.png]
[forefrontcertification.co.uk/wp-content/uploads/2016/04/Splashjet_ISO_9001_2008_Certified.png]
[forefrontcertification.co.uk/wp-content/uploads/2016/04/Splashjet_ISO_9001_2008_Certified-3.png]
[www.forefrontcertification.co.uk/home/index.html]
[www.forefrontcertification.co.uk/wp-json/oembed/1.0/embede037.json]
[www.forefrontcertification.co.uk/wp-json/oembed/1.0/embed37d2]
[www.forefrontcertification.co.uk/certification/index.html]
[www.forefrontcertification.co.uk/wp-json/oembed/1.0/embed39fc.json]
[www.forefrontcertification.co.uk/wp-json/oembed/1.0/embedcef0]
[forefrontcertification.co.uk/wp-content/uploads/2017/06/481916921.jpg]
[www.templeqms.com/wp-content/uploads/2015/07/benefits-of-ISO-9001.jpg]
[www.forefrontcertification.co.uk/training/training-courses-for-iso-9001-quality-management/index.html]
[www.forefrontcertification.co.uk/wp-json/oembed/1.0/embed1d14.json]
[www.forefrontcertification.co.uk/wp-json/oembed/1.0/embed35ea]
[www.forefrontcertification.co.uk/training/training-courses-for-iso-9001-quality-management/1-day-iso-90012015-awareness/index.html]
[www.forefrontcertification.co.uk/wp-json/oembed/1.0/embedf04e.json]
[www.forefrontcertification.co.uk/wp-json/oembed/1.0/embedca3f]
[www.forefrontcertification.co.uk/training/training-courses-for-iso-9001-quality-management/2-day-iso-90012015-internal-auditor/index.html]
[www.forefrontcertification.co.uk/wp-json/oembed/1.0/embed9230.json]
[www.forefrontcertification.co.uk/wp-json/oembed/1.0/embed8513]
[www.forefrontcertification.co.uk/training/training-courses-for-iso-9001-quality-management/5-day-iso-90012015-irca-auditorlead-auditor/index.html]
[www.forefrontcertification.co.uk/wp-json/oembed/1.0/embed0e72.json]
[www.forefrontcertification.co.uk/wp-json/oembed/1.0/embed322d]
[forefrontcertification.co.uk/wp-content/uploads/2017/06/renewable-energy-world-celebrates-global-non-profits-that-advance-sustainability.jpg]
[www.forefrontcertification.co.uk/training/iso-14001-environmental-management/index.html]
[www.templeqms.com/wp-content/uploads/2015/07/benefits-of-ISO-14001.jpg]
[www.forefrontcertification.co.uk/wp-json/oembed/1.0/embed0284.json]
[www.forefrontcertification.co.uk/wp-json/oembed/1.0/embedc636]
[www.forefrontcertification.co.uk/training/iso-14001-environmental-management/1-day-iso-140012015-awareness/index.html]
[www.forefrontcertification.co.uk/wp-json/oembed/1.0/embedcb8e.json]
[www.forefrontcertification.co.uk/wp-json/oembed/1.0/embed6ccd]
[www.forefrontcertification.co.uk/training/iso-14001-environmental-management/2-day-iso-140012015-internal-auditor/index.html]
[www.forefrontcertification.co.uk/wp-json/oembed/1.0/embede081.json]
[www.forefrontcertification.co.uk/wp-json/oembed/1.0/embedd488]
[forefrontcertification.co.uk/wp-content/uploads/2017/06/inside_img4.jpg]
[forefrontcertification.co.uk/wp-content/uploads/2017/06/benefits-1.jpg]
[www.forefrontcertification.co.uk/training/iso-27001-information-security-management/index.html]
[www.forefrontcertification.co.uk/wp-json/oembed/1.0/embed7d72.json]
[www.forefrontcertification.co.uk/wp-json/oembed/1.0/embedd286]
[www.forefrontcertification.co.uk/training/iso-27001-information-security-management/1-day-iso-270012015-awareness-course/index.html]
[www.forefrontcertification.co.uk/wp-json/oembed/1.0/embedc644.json]
[www.forefrontcertification.co.uk/wp-json/oembed/1.0/embeddd5d]
[www.forefrontcertification.co.uk/training/iso-27001-information-security-management/2-day-iso-270012013-internal-auditor/index.html]
[www.forefrontcertification.co.uk/wp-json/oembed/1.0/embed9df6.json]
[www.forefrontcertification.co.uk/wp-json/oembed/1.0/embed5bd5]
[forefrontcertification.co.uk/wp-content/uploads/2017/06/health-safety.jpg]
[www.templeqms.com/wp-content/uploads/2015/07/BS-OHSAS-18001.png]
[www.forefrontcertification.co.uk/training/iso-45001-health-safety/index.html]
[www.forefrontcertification.co.uk/wp-json/oembed/1.0/embedc09a.json]
[www.forefrontcertification.co.uk/wp-json/oembed/1.0/embedda30]
[forefrontcertification.co.uk/wp-content/uploads/2017/06/isots2.jpg]
[www.forefrontcertification.co.uk/training/iatf-16949-automotive/index.html]
[www.templeqms.com/wp-content/uploads/2015/07/5-steps-to-engagement-ID-1.jpg]
[www.forefrontcertification.co.uk/wp-json/oembed/1.0/embed3064.json]
[www.forefrontcertification.co.uk/wp-json/oembed/1.0/embede411]
[www.forefrontcertification.co.uk/training/iatf-16949-automotive/1-day-iatf-ts-16949-awareness/index.html]
[www.forefrontcertification.co.uk/wp-json/oembed/1.0/embedb3a1.json]
[www.forefrontcertification.co.uk/wp-json/oembed/1.0/embed3b10]
[www.forefrontcertification.co.uk/training/iatf-16949-automotive/iatf-16949-internal-auditor-course/index.html]
[www.forefrontcertification.co.uk/wp-json/oembed/1.0/embed7e0b.json]
[www.forefrontcertification.co.uk/wp-json/oembed/1.0/embed08c2]
[www.forefrontcertification.co.uk/training/iatf-16949-automotive/2-day-iatf-16949-transition-course/index.html]
[www.forefrontcertification.co.uk/wp-json/oembed/1.0/embed2796.json]
[www.forefrontcertification.co.uk/wp-json/oembed/1.0/embede9f0]
[forefrontcertification.co.uk/wp-content/uploads/2017/06/sales-rising.jpg]
[www.forefrontcertification.co.uk/training/business-improvement/index.html]
[www.forefrontcertification.co.uk/wp-json/oembed/1.0/embedc8a3.json]
[www.forefrontcertification.co.uk/wp-json/oembed/1.0/embed054a]
[www.forefrontcertification.co.uk/training/business-improvement/8d-problem-solving/index.html]
[www.forefrontcertification.co.uk/wp-json/oembed/1.0/embed02d1.json]
[www.forefrontcertification.co.uk/wp-json/oembed/1.0/embedae8b]
[www.forefrontcertification.co.uk/training/business-improvement/advanced-product-quality-planning-apqp/index.html]
[www.forefrontcertification.co.uk/wp-json/oembed/1.0/embede0b3.json]
[www.forefrontcertification.co.uk/wp-json/oembed/1.0/embed75e6]
[www.forefrontcertification.co.uk/training/business-improvement/production-part-approval-process-ppap/index.html]
[www.forefrontcertification.co.uk/wp-json/oembed/1.0/embed2021.json]
[www.forefrontcertification.co.uk/wp-json/oembed/1.0/embede9d7]
[www.forefrontcertification.co.uk/training/business-improvement/5s/index.html]
[www.forefrontcertification.co.uk/wp-json/oembed/1.0/embed1243.json]
[www.forefrontcertification.co.uk/wp-json/oembed/1.0/embedce3a]
[www.forefrontcertification.co.uk/training/business-improvement/process-fmea/index.html]
[www.forefrontcertification.co.uk/wp-json/oembed/1.0/embedaf91.json]
[www.forefrontcertification.co.uk/wp-json/oembed/1.0/embede53a]
[www.forefrontcertification.co.uk/training/business-improvement/measurement-systems-analysis-msa/index.html]
[www.forefrontcertification.co.uk/wp-json/oembed/1.0/embedff64.json]
[www.forefrontcertification.co.uk/wp-json/oembed/1.0/embed3a93]
[www.forefrontcertification.co.uk/training/business-improvement/use-of-minitab-software/index.html]
[www.forefrontcertification.co.uk/wp-json/oembed/1.0/embed55d8.json]
[www.forefrontcertification.co.uk/wp-json/oembed/1.0/embed03ab]
[ffcertification.co.uk/website/wp-content/uploads/2017/06/colorful-airplanes-infographic_23-2147491726-2.jpg]
[forefrontcertification.co.uk/wp-content/uploads/2017/06/aviation-e1499855446166.jpg]
[www.forefrontcertification.co.uk/training/as-9100-aerospace-quality-management/index.html]
[forefrontcertification.co.uk/wp-content/uploads/2017/06/colorful-airplanes-infographic_23-2147491726-2.jpg]
[www.forefrontcertification.co.uk/wp-json/oembed/1.0/embed0b3b.json]
[www.forefrontcertification.co.uk/wp-json/oembed/1.0/embeddeb4]
[www.forefrontcertification.co.uk/training/as-9100-aerospace-quality-management/1-day-as-91002016-awareness/index.html]
[www.forefrontcertification.co.uk/wp-json/oembed/1.0/embed2831.json]
[www.forefrontcertification.co.uk/wp-json/oembed/1.0/embed9736]
[www.forefrontcertification.co.uk/training/as-9100-aerospace-quality-management/2-day-as-91002016-internal-auditor-course/index.html]
[www.forefrontcertification.co.uk/wp-json/oembed/1.0/embed9672.json]
[www.forefrontcertification.co.uk/wp-json/oembed/1.0/embeddb3d]
[ffcertification.co.uk/website/wp-content/uploads/2017/05/press.png]
[www.forefrontcertification.co.uk/consultants/index.html]
[www.forefrontcertification.co.uk/wp-json/oembed/1.0/embed1353.json]
[www.forefrontcertification.co.uk/wp-json/oembed/1.0/embed4f69]
[www.forefrontcertification.co.uk/free-quotation/index.html]
[www.forefrontcertification.co.uk/wp-includes/js/zxcvbn-async.min5152.js]
[www.forefrontcertification.co.uk/wp-json/oembed/1.0/embedb0c7.json]
[www.forefrontcertification.co.uk/wp-json/oembed/1.0/embed18bd]
[www.forefrontcertification.co.uk/wp-content/plugins/woocommerce/assets/js/frontend/country-select.min7e2e.js]
[www.forefrontcertification.co.uk/wp-content/plugins/woocommerce/assets/js/frontend/address-i18n.min7e2e.js]
[www.forefrontcertification.co.uk/wp-content/plugins/woocommerce/assets/js/frontend/cart.min7e2e.js]
[www.forefrontcertification.co.uk/wp-content/plugins/woocommerce/assets/js/selectWoo/selectWoo.full.min0ba6.js]
[www.forefrontcertification.co.uk/wp-admin/js/password-strength-meter.min9dff.js]
[www.forefrontcertification.co.uk/wp-content/plugins/woocommerce/assets/js/frontend/password-strength-meter.min7e2e.js]
[www.forefrontcertification.co.uk/cart/index.html]
[www.forefrontcertification.co.uk/wp-json/oembed/1.0/embed3156.json]
[www.forefrontcertification.co.uk/wp-json/oembed/1.0/embedf8e9]
[www.forefrontcertification.co.uk/terms-and-conditions/index.html]
[www.forefrontcertification.co.uk/wp-json/oembed/1.0/embed5e9c.json]
[www.forefrontcertification.co.uk/wp-json/oembed/1.0/embed7ddd]
[www.forefrontcertification.co.uk/rules-and-regulations/index.html]
[www.forefrontcertification.co.uk/wp-json/oembed/1.0/embed8203.json]
[www.forefrontcertification.co.uk/wp-json/oembed/1.0/embedd32d]
[www.forefrontcertification.co.uk/impartiality-confidentiality/index.html]
[www.forefrontcertification.co.uk/wp-json/oembed/1.0/embed4c4a.json]
[www.forefrontcertification.co.uk/wp-json/oembed/1.0/embedc085]
[www.forefrontcertification.co.uk/privacy-policies/index.html]
[www.forefrontcertification.co.uk/wp-content/plugins/revslider/public/assets/fonts/font-awesome/fonts/fontawesome-webfont3295.eot]
[www.forefrontcertification.co.uk/wp-content/plugins/revslider/public/assets/fonts/font-awesome/fonts/fontawesome-webfontd41d.eot]
[www.forefrontcertification.co.uk/wp-content/plugins/revslider/public/assets/fonts/font-awesome/fonts/fontawesome-webfont3295.woff2]
[www.forefrontcertification.co.uk/wp-content/plugins/revslider/public/assets/fonts/font-awesome/fonts/fontawesome-webfont3295.woff]
[www.forefrontcertification.co.uk/wp-content/plugins/revslider/public/assets/fonts/font-awesome/fonts/fontawesome-webfont3295.ttf]
[www.forefrontcertification.co.uk/wp-content/plugins/revslider/public/assets/fonts/font-awesome/css/font-awesome.css]
[www.forefrontcertification.co.uk/wp-content/plugins/revslider/public/assets/fonts/revicons/revicons90c6.svg]
[www.forefrontcertification.co.uk/wp-content/plugins/revslider/public/assets/css/openhand.html]
[www.forefrontcertification.co.uk/wp-content/plugins/revslider/public/assets/css/closedhand.html]
[www.forefrontcertification.co.uk/wp-content/plugins/woocommerce/assets/fonts/star.svg]
[www.forefrontcertification.co.uk/wp-content/plugins/woocommerce/assets/fonts/WooCommerce.svg]
[www.forefrontcertification.co.uk/wp-content/plugins/woocommerce/assets/images/icons/loader.svg]
[www.forefrontcertification.co.uk/wp-content/plugins/woocommerce/assets/images/icons/credit-cards/visa.svg]
[www.forefrontcertification.co.uk/wp-content/plugins/woocommerce/assets/images/icons/credit-cards/mastercard.svg]
[www.forefrontcertification.co.uk/wp-content/plugins/woocommerce/assets/images/icons/credit-cards/laser.svg]
[www.forefrontcertification.co.uk/wp-content/plugins/woocommerce/assets/images/icons/credit-cards/diners.svg]
[www.forefrontcertification.co.uk/wp-content/plugins/woocommerce/assets/images/icons/credit-cards/maestro.svg]
[www.forefrontcertification.co.uk/wp-content/plugins/woocommerce/assets/images/icons/credit-cards/jcb.svg]
[www.forefrontcertification.co.uk/wp-content/plugins/woocommerce/assets/images/icons/credit-cards/amex.svg]
[www.forefrontcertification.co.uk/wp-content/plugins/woocommerce/assets/images/icons/credit-cards/discover.svg]
[www.forefrontcertification.co.uk/wp-content/themes/webkrafts-forefront/fonts/mfn-icons28cd.svg]
[www.forefrontcertification.co.uk/wp-content/plugins/bellows-accordion-menu/assets/css/fontawesome/fonts/fontawesome-webfont93e3.svg]
[www.forefrontcertification.co.uk/index4d18.html]
[www.forefrontcertification.co.uk/index6476.html]
[www.forefrontcertification.co.uk/wp-json/oembed/1.0/embeda4a7.json]
[www.forefrontcertification.co.uk/iso-management-systems-assure-your-customers-that-your-systems-processes-are-continually-assessed-and-approved/feed/index.html]
[www.forefrontcertification.co.uk/mail-order-bride-103/index.html]
[www.forefrontcertification.co.uk/wp-json/oembed/1.0/embedc80b]
[www.forefrontcertification.co.uk/wp-content/uploads/2019/03/Health-Safety-in-the-Workplace-80x80.jpg]
[ws.sharethis.com/button/buttons.js]
[www.forefrontcertification.co.uk/wp-content/uploads/2019/10/14-1-536x480.png]
[www.forefrontcertification.co.uk/wp-content/uploads/2019/10/14-1-80x80.png]
[www.forefrontcertification.co.uk/wp-content/uploads/2019/03/ISO-45001-2018-How-effective-is-your-emergency-preparedness-and-response-80x80.jpg]
[www.forefrontcertification.co.uk/category/news/index.html]
[www.forefrontcertification.co.uk/wp-content/uploads/2019/03/ForeFront_blog-80x80.jpg]
[www.forefrontcertification.co.uk/wp-content/uploads/2014/08/ForeFront_blog-80x80.jpg]
[www.forefrontcertification.co.uk/iso-management-systems-assure-your-customers-that-your-systems-processes-are-continually-assessed-and-approved/index.html]
[www.forefrontcertification.co.uk/author/adminwebkrafts/index.html]
[www.forefrontcertification.co.uk/wp-json/oembed/1.0/embed1c91.json]
[www.forefrontcertification.co.uk/health-safety-in-the-workplace/feed/index.html]
[www.forefrontcertification.co.uk/tag/iso-certification/index.html]
[www.forefrontcertification.co.uk/wp-json/oembed/1.0/embeda66b]
[www.forefrontcertification.co.uk/wp-content/uploads/2019/03/Health-Safety-in-the-Workplace-970x480.jpg]
[www.forefrontcertification.co.uk/health-safety-in-the-workplace/index.html]
[www.forefrontcertification.co.uk/iso-450012018-how-effective-is-your-emergency-preparedness-and-response/feed/index.html]
[www.forefrontcertification.co.uk/wp-json/oembed/1.0/embeda5e4.json]
[www.forefrontcertification.co.uk/wp-json/oembed/1.0/embed8301]
[www.forefrontcertification.co.uk/wp-content/uploads/2019/03/ISO-45001-2018-How-effective-is-your-emergency-preparedness-and-response-970x480.jpg]
[www.forefrontcertification.co.uk/iso-450012018-how-effective-is-your-emergency-preparedness-and-response/index.html]
[www.forefrontcertification.co.uk/wp-json/oembed/1.0/embede0de.json]
[www.forefrontcertification.co.uk/is-iso-9001-a-pain/feed/index.html]
[www.forefrontcertification.co.uk/wp-json/oembed/1.0/embeda1b9]
[www.forefrontcertification.co.uk/wp-content/uploads/2019/03/ForeFront_blog-970x480.jpg]
[www.forefrontcertification.co.uk/is-iso-9001-a-pain/index.html]
[www.forefrontcertification.co.uk/why-is-ukas-accreditation-so-important/feed/index.html]
[www.forefrontcertification.co.uk/wp-json/oembed/1.0/embedc446.json]
[www.forefrontcertification.co.uk/wp-json/oembed/1.0/embedca40]
[www.forefrontcertification.co.uk/wp-content/uploads/2014/08/ForeFront_blog-970x480.jpg]
[www.forefrontcertification.co.uk/why-is-ukas-accreditation-so-important/index.html]
[www.forefrontcertification.co.uk/index1c37.html]
[www.forefrontcertification.co.uk/index5caa.html]
[www.forefrontcertification.co.uk/index7fa7.html]
[www.forefrontcertification.co.uk/index2cee.html]
[www.forefrontcertification.co.uk/index7034.html]
[www.forefrontcertification.co.uk/indexfab0.html]
[www.forefrontcertification.co.uk/index7d10.html]
[www.forefrontcertification.co.uk/index37f0.html]
[www.forefrontcertification.co.uk/index334e.html]
[www.forefrontcertification.co.uk/index3412.html]
[www.forefrontcertification.co.uk/index837d.html]
[www.forefrontcertification.co.uk/indexd48b.html]
[www.forefrontcertification.co.uk/indexc33b.html]
[www.forefrontcertification.co.uk/wp-content/plugins/displayProduct/assets/css/default9dff.css]
[www.forefrontcertification.co.uk/wp-content/plugins/displayProduct/assets/css/table/table-default9dff.css]
[www.forefrontcertification.co.uk/wp-content/plugins/displayProduct/assets/css/button/button9dff.css]
[www.forefrontcertification.co.uk/wp-content/plugins/displayProduct/assets/css/paginations9dff.css]
[www.forefrontcertification.co.uk/wp-content/plugins/displayProduct/assets/css/sorter9dff.css]
[www.forefrontcertification.co.uk/wp-content/plugins/displayProduct/plugin/hoverex/template_assets/images/zoom.png]
[www.forefrontcertification.co.uk/wp-content/plugins/displayProduct/plugin/hoverex/template_assets/images/undo.png]
[www.forefrontcertification.co.uk/wp-content/plugins/displayProduct/plugin/hoverex/template_assets/images/check.png]
[www.forefrontcertification.co.uk/wp-content/plugins/displayProduct/plugin/hoverex/template_assets/images/close.png]
[www.forefrontcertification.co.uk/wp-content/plugins/displayProduct/plugin/hoverex/template_assets/images/zoom-hover.png]
[www.forefrontcertification.co.uk/wp-content/plugins/displayProduct/plugin/hoverex/template_assets/images/close-hover.png]
[www.forefrontcertification.co.uk/wp-content/plugins/displayProduct/plugin/hoverex/template_assets/images/undo-hover.png]
[www.forefrontcertification.co.uk/wp-content/plugins/displayProduct/plugin/hoverex/template_assets/images/check-hover.png]
[www.forefrontcertification.co.uk/wp-content/plugins/displayProduct/plugin/hoverex/template_assets/images/twitter.png]
[www.forefrontcertification.co.uk/wp-content/plugins/displayProduct/plugin/hoverex/template_assets/images/twitter-hover.png]
[www.forefrontcertification.co.uk/wp-content/plugins/displayProduct/plugin/hoverex/template_assets/images/in.png]
[www.forefrontcertification.co.uk/wp-content/plugins/displayProduct/plugin/hoverex/template_assets/images/in-hover.png]
[www.forefrontcertification.co.uk/wp-content/plugins/displayProduct/plugin/hoverex/template_assets/images/facebook.png]
[www.forefrontcertification.co.uk/wp-content/plugins/displayProduct/plugin/hoverex/template_assets/images/facebook-hover.png]
[www.forefrontcertification.co.uk/wp-content/plugins/displayProduct/plugin/hoverex/template_assets/images/google.png]
[www.forefrontcertification.co.uk/wp-content/plugins/displayProduct/plugin/hoverex/template_assets/images/google-hover.png]
[www.forefrontcertification.co.uk/wp-content/plugins/displayProduct/plugin/hoverex/template_assets/templates9dff.css]
[www.forefrontcertification.co.uk/wp-content/plugins/displayProduct/plugin/hoverex/hoverex-all9dff.css]
[www.forefrontcertification.co.uk/index950f.html]
[www.forefrontcertification.co.uk/index94bc.html]
[www.forefrontcertification.co.uk/index05a1.html]
[www.forefrontcertification.co.uk/index84b8.html]
[www.forefrontcertification.co.uk/indexb7cb.html]
[www.forefrontcertification.co.uk/index7ea2.html]
[www.forefrontcertification.co.uk/wp-json/oembed/1.0/embed4cac.json]
[www.forefrontcertification.co.uk/wp-json/oembed/1.0/embed4bf7]
[www.forefrontcertification.co.uk/online-training/health-safety/introduction-to-haccp-level-2/index.html]
[www.forefrontcertification.co.uk/wp-json/oembed/1.0/embede4df.json]
[www.forefrontcertification.co.uk/wp-json/oembed/1.0/embed3aab]
[www.forefrontcertification.co.uk/online-training/health-safety/cdm-awareness/index.html]
[www.forefrontcertification.co.uk/wp-json/oembed/1.0/embed3a5c.json]
[www.forefrontcertification.co.uk/wp-json/oembed/1.0/embeddaf9]
[www.forefrontcertification.co.uk/online-training/health-safety/electrical-safety/index.html]
[www.forefrontcertification.co.uk/wp-json/oembed/1.0/embedcf03.json]
[www.forefrontcertification.co.uk/wp-json/oembed/1.0/embed8ea3]
[www.forefrontcertification.co.uk/online-training/health-safety/introduction-to-risk-assessment/index.html]
[www.forefrontcertification.co.uk/wp-json/oembed/1.0/embed8cd0.json]
[www.forefrontcertification.co.uk/wp-json/oembed/1.0/embedfe75]
[www.forefrontcertification.co.uk/online-training/health-safety/confined-spaces/index.html]
[www.forefrontcertification.co.uk/wp-json/oembed/1.0/embeda68c.json]
[www.forefrontcertification.co.uk/wp-json/oembed/1.0/embed732b]
[videotilehost.co.uk/common/hs4/course90.png]
[www.forefrontcertification.co.uk/online-training/health-safety/introduction-to-personal-safety-for-lone-workers/index.html]
[www.forefrontcertification.co.uk/wp-json/oembed/1.0/embedf0b4.json]
[www.forefrontcertification.co.uk/wp-json/oembed/1.0/embed4739]
[videotilehost.co.uk/common/hs4/course78.png]
[www.forefrontcertification.co.uk/online-training/health-safety/slips-trips-falls/index.html]
[www.forefrontcertification.co.uk/index4ae0.html]
[www.forefrontcertification.co.uk/wp-json/oembed/1.0/embedcbdf.json]
[www.forefrontcertification.co.uk/wp-json/oembed/1.0/embedfba3]
[www.forefrontcertification.co.uk/online-training/business-skills/sales-skills/index.html]
[www.forefrontcertification.co.uk/index8bb4.html]
[www.forefrontcertification.co.uk/index5705.html]
[www.maersk.com/Assets/images/list-arrow.html]
[www.forefrontcertification.co.uk/index8daa.html]
[www.forefrontcertification.co.uk/index07c5.html]
[www.forefrontcertification.co.uk/index2565.html]
[www.forefrontcertification.co.uk/indexc564.html]
[www.forefrontcertification.co.uk/indexbb3e.html]
[www.forefrontcertification.co.uk/index0347.html]
[www.forefrontcertification.co.uk/indexaf97.html]
[www.forefrontcertification.co.uk/index65e3.html]
[www.forefrontcertification.co.uk/index841a.html]
[www.forefrontcertification.co.uk/index546c.html]
[www.forefrontcertification.co.uk/index73fc.html]
[www.forefrontcertification.co.uk/index1fb0.html]
[www.forefrontcertification.co.uk/index20d4.html]
[www.forefrontcertification.co.uk/index26fe.html]
[www.forefrontcertification.co.uk/index6497.html]
[www.forefrontcertification.co.uk/index6124.html]
[www.forefrontcertification.co.uk/indexabcf.html]
[www.forefrontcertification.co.uk/index0e86.html]
[www.forefrontcertification.co.uk/indexfc3e.html]
[www.forefrontcertification.co.uk/indexb59d.html]
[www.forefrontcertification.co.uk/index1ccd.html]
[www.forefrontcertification.co.uk/indexa344.html]
[www.forefrontcertification.co.uk/index2024.html]
[www.forefrontcertification.co.uk/index1407.html]
[www.forefrontcertification.co.uk/index9dd0.html]
[www.forefrontcertification.co.uk/indexb63d.html]
[www.forefrontcertification.co.uk/index9d4a.html]
[www.forefrontcertification.co.uk/index3232.html]
[www.forefrontcertification.co.uk/index3a0a.html]
[www.forefrontcertification.co.uk/index0748.html]
[www.forefrontcertification.co.uk/index0042.html]
[www.forefrontcertification.co.uk/wp-content/plugins/woocommerce/assets/css/select27e2e.css]
[www.forefrontcertification.co.uk/indexa683.html]
[www.forefrontcertification.co.uk/shop/index.html]
[www.forefrontcertification.co.uk/indexe08a.html]
[www.forefrontcertification.co.uk/index92a7.html]
[www.forefrontcertification.co.uk/index6529.html]
[www.forefrontcertification.co.uk/index09c6.html]
[www.forefrontcertification.co.uk/wp-content/plugins/revslider/public/assets/fonts/font-awesome/fonts/fontawesome-webfont3295.svg]
[www.forefrontcertification.co.uk/mail-order-bride-103/feed/index.html]
[www.forefrontcertification.co.uk/wp-json/oembed/1.0/embed4764.json]
[www.forefrontcertification.co.uk/thai-brides-154/index.html]
[www.forefrontcertification.co.uk/wp-json/oembed/1.0/embed1ae9]
[www.forefrontcertification.co.uk/mail-order-bride-103/index.html]
[www.forefrontcertification.co.uk/index1601.html]
[www.forefrontcertification.co.uk/category/news/index.html]
[www.forefrontcertification.co.uk/category/news/feed/index.html]
[www.forefrontcertification.co.uk/category/chinese-wife-12/index.html]
[www.forefrontcertification.co.uk/author/adminwebkrafts/index.html]
[www.forefrontcertification.co.uk/category/mail-order-bride-196/index.html]
[www.forefrontcertification.co.uk/category/canabis-oil-2/index.html]
[www.forefrontcertification.co.uk/category/estonian-mail-order-brides-52/index.html]
[www.forefrontcertification.co.uk/category/filipino-brides-189/index.html]
[www.forefrontcertification.co.uk/category/gay-dating-tips-202/index.html]
[www.forefrontcertification.co.uk/category/latvian-brides-197/index.html]
[www.forefrontcertification.co.uk/tag/iso-certification/index.html]
[www.forefrontcertification.co.uk/category/legitimate-russian-dating-sites-27/index.html]
[www.forefrontcertification.co.uk/category/offline-web-builder-27/index.html]
[www.forefrontcertification.co.uk/category/puerto-rican-girl-142/index.html]
[www.forefrontcertification.co.uk/index9091.html]
[www.forefrontcertification.co.uk/category/make-your-own-website-135/index.html]
[www.forefrontcertification.co.uk/category/thai-brides-202/index.html]
[www.forefrontcertification.co.uk/category/women-of-croatia-188/index.html]
[www.forefrontcertification.co.uk/category/women-of-cape-verde-129/index.html]
[www.forefrontcertification.co.uk/author/prorprudulglos/index.html]
[www.forefrontcertification.co.uk/index8797.html]
[www.forefrontcertification.co.uk/author/adminwebkrafts/feed/index.html]
[www.forefrontcertification.co.uk/author/temppenneper/index.html]
[www.forefrontcertification.co.uk/women-of-croatia-152/index.html]
[www.forefrontcertification.co.uk/author/viosverobser/index.html]
[www.forefrontcertification.co.uk/indexb7d1.html]
[www.forefrontcertification.co.uk/estonian-mail-order-brides-15/index.html]
[www.forefrontcertification.co.uk/index31a3.html]
[www.forefrontcertification.co.uk/make-your-own-website-116/index.html]
[www.forefrontcertification.co.uk/legitimate-russian-dating-sites-21/index.html]
[www.forefrontcertification.co.uk/wp-content/plugins/displayProduct/plugin/hoverex/nav.html]
[www.forefrontcertification.co.uk/latvian-brides-128/index.html]
[www.forefrontcertification.co.uk/index76a7.html]
[www.forefrontcertification.co.uk/author/adminwebkrafts/page/3/index.html]
[www.forefrontcertification.co.uk/author/adminwebkrafts/page/2/index.html]
[www.forefrontcertification.co.uk/indexcb7a.html]
[www.forefrontcertification.co.uk/indexbc14.html]
[www.forefrontcertification.co.uk/index318e.html]
[www.forefrontcertification.co.uk/indexaa83.html]
[www.forefrontcertification.co.uk/indexb98f.html]
[www.forefrontcertification.co.uk/index7a39.html]
[www.forefrontcertification.co.uk/indexaa60.html]
[www.forefrontcertification.co.uk/chinese-wife-6/index.html]
[www.forefrontcertification.co.uk/author/adminwebkrafts/page/4/index.html]
[www.forefrontcertification.co.uk/tag/iso-certification/feed/index.html]
[www.forefrontcertification.co.uk/thai-brides-154/feed/index.html]
[www.forefrontcertification.co.uk/wp-json/oembed/1.0/embede55b.json]
[www.forefrontcertification.co.uk/offline-web-builder-15/index.html]
[www.forefrontcertification.co.uk/wp-json/oembed/1.0/embed9f3f]
[www.forefrontcertification.co.uk/thai-brides-154/index.html]
[www.forefrontcertification.co.uk/index8ba8.html]
[www.forefrontcertification.co.uk/category/mail-order-bride-196/index.html]
[www.forefrontcertification.co.uk/category/canabis-oil-2/index.html]
[www.forefrontcertification.co.uk/category/chinese-wife-12/index.html]
[www.forefrontcertification.co.uk/category/mail-order-bride-196/feed/index.html]
[www.forefrontcertification.co.uk/category/estonian-mail-order-brides-52/index.html]
[www.forefrontcertification.co.uk/category/canabis-oil-2/feed/index.html]
[www.forefrontcertification.co.uk/category/chinese-wife-12/feed/index.html]
[www.forefrontcertification.co.uk/category/filipino-brides-189/index.html]
[www.forefrontcertification.co.uk/canabis-oil/index.html]
[www.forefrontcertification.co.uk/category/gay-dating-tips-202/index.html]
[www.forefrontcertification.co.uk/category/estonian-mail-order-brides-52/feed/index.html]
[www.forefrontcertification.co.uk/category/latvian-brides-197/index.html]
[www.forefrontcertification.co.uk/category/filipino-brides-189/feed/index.html]
[www.forefrontcertification.co.uk/filipino-brides-103/index.html]
[www.forefrontcertification.co.uk/category/legitimate-russian-dating-sites-27/index.html]
[www.forefrontcertification.co.uk/category/gay-dating-tips-202/feed/index.html]
[www.forefrontcertification.co.uk/gay-dating-tips-133/index.html]
[www.forefrontcertification.co.uk/category/make-your-own-website-135/index.html]
[www.forefrontcertification.co.uk/category/offline-web-builder-27/index.html]
[www.forefrontcertification.co.uk/category/latvian-brides-197/feed/index.html]
[www.forefrontcertification.co.uk/category/legitimate-russian-dating-sites-27/feed/index.html]
[www.forefrontcertification.co.uk/category/puerto-rican-girl-142/index.html]
[www.forefrontcertification.co.uk/category/make-your-own-website-135/feed/index.html]
[www.forefrontcertification.co.uk/category/thai-brides-202/index.html]
[www.forefrontcertification.co.uk/category/offline-web-builder-27/feed/index.html]
[www.forefrontcertification.co.uk/category/women-of-cape-verde-129/index.html]
[www.forefrontcertification.co.uk/category/puerto-rican-girl-142/feed/index.html]
[www.forefrontcertification.co.uk/category/thai-brides-202/feed/index.html]
[www.forefrontcertification.co.uk/puerto-rican-girl-49/index.html]
[www.forefrontcertification.co.uk/category/women-of-croatia-188/index.html]
[www.forefrontcertification.co.uk/author/prorprudulglos/index.html]
[www.forefrontcertification.co.uk/women-of-cape-verde-104/index.html]
[www.forefrontcertification.co.uk/author/temppenneper/index.html]
[www.forefrontcertification.co.uk/category/women-of-croatia-188/feed/index.html]
[www.forefrontcertification.co.uk/category/women-of-cape-verde-129/feed/index.html]
[www.forefrontcertification.co.uk/author/prorprudulglos/feed/index.html]
[www.forefrontcertification.co.uk/author/viosverobser/index.html]
[www.forefrontcertification.co.uk/author/temppenneper/feed/index.html]
[www.forefrontcertification.co.uk/author/viosverobser/feed/index.html]
[www.forefrontcertification.co.uk/women-of-croatia-152/feed/index.html]
[www.forefrontcertification.co.uk/wp-json/oembed/1.0/embedbcf1.json]
[www.forefrontcertification.co.uk/wp-json/oembed/1.0/embedb0cb]
[www.forefrontcertification.co.uk/women-of-croatia-152/index.html]
[www.forefrontcertification.co.uk/estonian-mail-order-brides-15/feed/index.html]
[www.forefrontcertification.co.uk/wp-json/oembed/1.0/embed6cf1.json]
[www.forefrontcertification.co.uk/wp-json/oembed/1.0/embedb2ec]
[www.forefrontcertification.co.uk/estonian-mail-order-brides-15/index.html]
[www.forefrontcertification.co.uk/wp-json/oembed/1.0/embed6294.json]
[www.forefrontcertification.co.uk/make-your-own-website-116/feed/index.html]
[www.forefrontcertification.co.uk/wp-json/oembed/1.0/embedbb24]
[www.forefrontcertification.co.uk/make-your-own-website-116/index.html]
[www.forefrontcertification.co.uk/legitimate-russian-dating-sites-21/feed/index.html]
[www.forefrontcertification.co.uk/wp-json/oembed/1.0/embed97e6.json]
[www.forefrontcertification.co.uk/wp-json/oembed/1.0/embed48d3]
[www.forefrontcertification.co.uk/legitimate-russian-dating-sites-21/index.html]
[www.forefrontcertification.co.uk/latvian-brides-128/feed/index.html]
[www.forefrontcertification.co.uk/wp-json/oembed/1.0/embede570.json]
[www.forefrontcertification.co.uk/wp-json/oembed/1.0/embed2b1a]
[www.forefrontcertification.co.uk/latvian-brides-128/index.html]
[www.forefrontcertification.co.uk/chinese-wife-6/feed/index.html]
[www.forefrontcertification.co.uk/wp-json/oembed/1.0/embed0f16.json]
[www.forefrontcertification.co.uk/wp-json/oembed/1.0/embedcf7d]
[www.forefrontcertification.co.uk/chinese-wife-6/index.html]
[www.forefrontcertification.co.uk/author/adminwebkrafts/page/2/index.html]
[www.forefrontcertification.co.uk/author/adminwebkrafts/page/3/index.html]
[www.forefrontcertification.co.uk/author/adminwebkrafts/page/4/index.html]
[www.forefrontcertification.co.uk/offline-web-builder-15/feed/index.html]
[www.forefrontcertification.co.uk/wp-json/oembed/1.0/embeda93a.json]
[www.forefrontcertification.co.uk/wp-json/oembed/1.0/embed59e5]
[www.forefrontcertification.co.uk/offline-web-builder-15/index.html]
[www.forefrontcertification.co.uk/index48f1.html]
[www.forefrontcertification.co.uk/canabis-oil/feed/index.html]
[www.forefrontcertification.co.uk/wp-json/oembed/1.0/embed0831.json]
[www.forefrontcertification.co.uk/wp-json/oembed/1.0/embed38f0]
[www.forefrontcertification.co.uk/canabis-oil/index.html]
[www.forefrontcertification.co.uk/filipino-brides-103/feed/index.html]
[www.forefrontcertification.co.uk/wp-json/oembed/1.0/embed2148.json]
[www.forefrontcertification.co.uk/wp-json/oembed/1.0/embedf598]
[www.forefrontcertification.co.uk/filipino-brides-103/index.html]
[www.forefrontcertification.co.uk/gay-dating-tips-133/feed/index.html]
[www.forefrontcertification.co.uk/wp-json/oembed/1.0/embed01f8.json]
[www.forefrontcertification.co.uk/wp-json/oembed/1.0/embedf8ee]
[i.imgur.com/O5lGho5.jpg]
[www.forefrontcertification.co.uk/gay-dating-tips-133/index.html]
[www.forefrontcertification.co.uk/wp-json/oembed/1.0/embeda30a.json]
[www.forefrontcertification.co.uk/puerto-rican-girl-49/feed/index.html]
[www.forefrontcertification.co.uk/wp-json/oembed/1.0/embedc3a9]
[www.forefrontcertification.co.uk/puerto-rican-girl-49/index.html]
[www.forefrontcertification.co.uk/wp-json/oembed/1.0/embedfc73.json]
[www.forefrontcertification.co.uk/women-of-cape-verde-104/feed/index.html]
[www.forefrontcertification.co.uk/wp-json/oembed/1.0/embeda505]
[www.forefrontcertification.co.uk/women-of-cape-verde-104/index.html]
[www.forefrontcertification.co.uk/indexe83b.html]
[www.forefrontcertification.co.uk/indexc7da.html]
[www.forefrontcertification.co.uk/index92bf.html]
[www.forefrontcertification.co.uk/indexd8f4.html]
[www.forefrontcertification.co.uk/indexe3a9.html]
[www.forefrontcertification.co.uk/index7888.html]
[www.forefrontcertification.co.uk/index4727.html]
[www.forefrontcertification.co.uk/index6ce1.html]
[www.forefrontcertification.co.uk/indexcb88.html]
[www.forefrontcertification.co.uk/indexd3eb.html]
[www.forefrontcertification.co.uk/index1033.html]
[www.forefrontcertification.co.uk/index2771.html]
